virginwh@kr-h5:~$ cd D02T02.ID_1577482-1
virginwh@kr-h5:~/D02T02.ID_1577482-1$ nano src/named_hello.c
virginwh@kr-h5:~/D02T02.ID_1577482-1$ gcc -Wall -Werror - Wextra src/named_hello.c -o named_hello
gcc: error: -E or -x required when input is from standard input
virginwh@kr-h5:~/D02T02.ID_1577482-1$ nano src/named_hello.c
virginwh@kr-h5:~/D02T02.ID_1577482-1$ gcc -Wall -Werror - Wextra src/named_hello.c -o named_hello
gcc: error: -E or -x required when input is from standard input
virginwh@kr-h5:~/D02T02.ID_1577482-1$ cat src/named_hello.c
#include <stdio.h>

int main() {
        int name;
        scanf("%d", &name);
        printf("Hello, %d!", name);
        return 0;
}
virginwh@kr-h5:~/D02T02.ID_1577482-1$ gcc -Wall -Werror -Wextra src/named_hello,c -o named_hello
/usr/bin/ld: cannot find src/named_hello,c: No such file or directory
collect2: error: ld returned 1 exit status
virginwh@kr-h5:~/D02T02.ID_1577482-1$ cd src
virginwh@kr-h5:~/D02T02.ID_1577482-1/src$ ls
