virginwh@kr-h5:~/D02T02.ID_1577482-1$ cat src/artithetic.c
cat: src/artithetic.c: No such file or directory
virginwh@kr-h5:~/D02T02.ID_1577482-1$ cat src/arithmetic.c
#include <stdio.h>

int main() {
  int a, b;
  
  if (scanf("%d %d", &a, &b) != 2) {
    printf("n/a");
    return 0;
  }
  
  printf("%d %d %d ", a + b, a - b, a * b);
  
  if (b == 0) {
    printf("n/a");
  } else {
    printf("%d", a / b);
  }
  
  return 0;
}
virginwh@kr-h5:~/D02T02.ID_1577482-1$ gcc -Wall -Werro -Wextra src/arithmetic.c -o arithmetic
gcc: error: unrecognized command-line option ‘-Werro’; did you mean ‘-Werror’?
virginwh@kr-h5:~/D02T02.ID_1577482-1$ gcc -Wall -Werror -Wextra src/arithmetic.c -o arithmetic
virginwh@kr-h5:~/D02T02.ID_1577482-1$ ./arithmetic
8 2
10 6 16 4virginwh@kr-h5:~/D02T02.ID_1577482-1$ ./arithmetic
1 0
1 1 0 n/avirginwh@kr-h5:~/D02T02.ID_1577482-1$ ./arithmetic
3 2
5 1 6 1virginwh@kr-h5:~/D02T02.ID_1577482-1$ 
