important_function.c:(.text+0xd4): undefined reference to `pow'
/usr/bin/ld: important_function.c:(.text+0xf3): undefined reference to `cbrt'
/usr/bin/ld: important_function.c:(.text+0x185): undefined reference to `pow'
collect2: error: ld returned 1 exit status
virginwh@kr-h5:~/D02T02.ID_1577482-1$ /.important_function
bash: /.important_function: No such file or directory
virginwh@kr-h5:~/D02T02.ID_1577482-1$ src/ls
bash: src/ls: No such file or directory
virginwh@kr-h5:~/D02T02.ID_1577482-1$ src/ls
bash: src/ls: No such file or directory
virginwh@kr-h5:~/D02T02.ID_1577482-1$ src/ls -la
bash: src/ls: No such file or directory
virginwh@kr-h5:~/D02T02.ID_1577482-1$ cd src
virginwh@kr-h5:~/D02T02.ID_1577482-1/src$ ls
arithmetic.c  float_compare.c  hello.c  important_function.c  max.c  named_hello.c
virginwh@kr-h5:~/D02T02.ID_1577482-1/src$ cat important_function.c
#include <stdio.h>
#include <math.h>

int main() {
  double x, y;
  
  if (scanf("%lf", &x) != 1) {
    printf("n/a");
    return 0;
  }
  
  if (x == 0 || x * x / 2 == 0) {
    printf("n/a");
    return 0;
  }
  
  y = 0.007 * pow(x, 4) 
      + ((22.8 * cbrt(x) - 1000) * x + 3) / (x * x / 2) 
      - x * pow(10 + x, 2.0 / x) 
      - 1.01;
  
  printf("%.1f", y);
  
  return 0;
}
virginwh@kr-h5:~/D02T02.ID_1577482-1/src$ cd -
/home/virginwh/D02T02.ID_1577482-1
virginwh@kr-h5:~/D02T02.ID_1577482-1$ cd -
/home/virginwh/D02T02.ID_1577482-1/src
virginwh@kr-h5:~/D02T02.ID_1577482-1/src$ cd -
/home/virginwh/D02T02.ID_1577482-1
virginwh@kr-h5:~/D02T02.ID_1577482-1$ gcc -Wall -Werror -Wextra src/important_function.c -o important_function
/usr/bin/ld: /tmp/ccnRPYA8.o: in function `main':
important_function.c:(.text+0xd4): undefined reference to `pow'
/usr/bin/ld: important_function.c:(.text+0xf3): undefined reference to `cbrt'
/usr/bin/ld: important_function.c:(.text+0x185): undefined reference to `pow'
collect2: error: ld returned 1 exit status
virginwh@kr-h5:~/D02T02.ID_1577482-1$ gcc -Wall -Werror -Wextra src/important_function.c -o important_function
/usr/bin/ld: /tmp/cc8dHQJ4.o: in function `main':
important_function.c:(.text+0xd4): undefined reference to `pow'
/usr/bin/ld: important_function.c:(.text+0xf3): undefined reference to `cbrt'
/usr/bin/ld: important_function.c:(.text+0x185): undefined reference to `pow'
collect2: error: ld returned 1 exit status
virginwh@kr-h5:~/D02T02.ID_1577482-1$ gcc -Wall -Werror -Wextra src/important_function.c -o important_function
/usr/bin/ld: /tmp/cce04Jej.o: in function `main':
important_function.c:(.text+0xd4): undefined reference to `pow'
/usr/bin/ld: important_function.c:(.text+0xf3): undefined reference to `cbrt'
/usr/bin/ld: important_function.c:(.text+0x185): undefined reference to `pow'
collect2: error: ld returned 1 exit status
virginwh@kr-h5:~/D02T02.ID_1577482-1$ 
